[demo.createx.studio/cartzilla/home-food-delivery.html]
[backblue.gif]
[fade.gif]
[index.html]
[demo.createx.studio/cartzilla/apple-touch-icon.png]
[demo.createx.studio/cartzilla/favicon-32x32.png]
[demo.createx.studio/cartzilla/favicon-16x16.png]
[demo.createx.studio/cartzilla/site.webmanifest]
[demo.createx.studio/cartzilla/vendor/simplebar/dist/simplebar.min.css]
[demo.createx.studio/cartzilla/vendor/tiny-slider/dist/tiny-slider.css]
[demo.createx.studio/cartzilla/css/theme.min.css]
[demo.createx.studio/cartzilla/index.html]
[demo.createx.studio/cartzilla/img/logo-light.png]
[demo.createx.studio/cartzilla/img/logo-dark.png]
[demo.createx.studio/cartzilla/img/logo-icon-light.png]
[demo.createx.studio/cartzilla/food-delivery-category.html]
[demo.createx.studio/cartzilla/img/food-delivery/hero-bg.jpg]
[demo.createx.studio/cartzilla/img/food-delivery/category/01.jpg]
[demo.createx.studio/cartzilla/img/food-delivery/category/02.jpg]
[demo.createx.studio/cartzilla/img/food-delivery/category/03.jpg]
[demo.createx.studio/cartzilla/img/food-delivery/category/04.jpg]
[demo.createx.studio/cartzilla/img/food-delivery/category/05.jpg]
[demo.createx.studio/cartzilla/img/food-delivery/category/06.jpg]
[demo.createx.studio/cartzilla/img/food-delivery/mobile-app-bg.jpg]
[demo.createx.studio/cartzilla/img/food-delivery/phone.png]
[demo.createx.studio/cartzilla/img/food-delivery/courier.png]
[demo.createx.studio/cartzilla/img/food-delivery/chef.png]
[demo.createx.studio/cartzilla/food-delivery-single.html]
[demo.createx.studio/cartzilla/img/food-delivery/restaurants/logos/01.png]
[demo.createx.studio/cartzilla/img/food-delivery/restaurants/logos/02.png]
[demo.createx.studio/cartzilla/img/food-delivery/restaurants/logos/03.png]
[demo.createx.studio/cartzilla/img/food-delivery/restaurants/logos/04.png]
[demo.createx.studio/cartzilla/img/food-delivery/restaurants/logos/05.png]
[demo.createx.studio/cartzilla/img/food-delivery/restaurants/logos/06.png]
[demo.createx.studio/cartzilla/img/food-delivery/restaurants/logos/07.png]
[demo.createx.studio/cartzilla/img/food-delivery/restaurants/logos/08.png]
[demo.createx.studio/cartzilla/img/food-delivery/restaurants/logos/09.png]
[demo.createx.studio/cartzilla/img/food-delivery/restaurants/logos/10.png]
[demo.createx.studio/cartzilla/img/food-delivery/restaurants/logos/11.png]
[demo.createx.studio/cartzilla/img/food-delivery/restaurants/logos/12.png]
[demo.createx.studio/cartzilla/img/testimonials/03.jpg]
[demo.createx.studio/cartzilla/img/testimonials/04.jpg]
[demo.createx.studio/cartzilla/img/testimonials/01.jpg]
[demo.createx.studio/cartzilla/img/shop/reviews/01.jpg]
[demo.createx.studio/cartzilla/img/testimonials/02.jpg]
[demo.createx.studio/cartzilla/img/shop/reviews/03.jpg]
[demo.createx.studio/cartzilla/img/footer-logo-light.png]
[demo.createx.studio/cartzilla/img/flags/en.png]
[demo.createx.studio/cartzilla/img/flags/fr.png]
[demo.createx.studio/cartzilla/img/flags/de.png]
[demo.createx.studio/cartzilla/img/flags/it.png]
[demo.createx.studio/cartzilla/food-delivery-cart.html]
[demo.createx.studio/cartzilla/vendor/jquery/dist/jquery.slim.min.js]
[demo.createx.studio/cartzilla/vendor/bootstrap/dist/js/bootstrap.bundle.min.js]
[demo.createx.studio/cartzilla/vendor/bs-custom-file-input/dist/bs-custom-file-input.min.js]
[demo.createx.studio/cartzilla/vendor/simplebar/dist/simplebar.min.js]
[demo.createx.studio/cartzilla/vendor/tiny-slider/dist/min/tiny-slider.js]
[demo.createx.studio/cartzilla/vendor/smooth-scroll/dist/smooth-scroll.polyfills.min.js]
[demo.createx.studio/cartzilla/home-food-delivery.html]
[demo.createx.studio/cartzilla/safari-pinned-tab.svg]
[demo.createx.studio/cartzilla/vendor/simplebar/dist/simplebar.min.css]
[demo.createx.studio/cartzilla/vendor/tiny-slider/dist/tiny-slider.css]
[demo.createx.studio/cartzilla/js/theme.min.js]
[demo.createx.studio/cartzilla/fonts/cartzilla-iconsc17f.ttf]
[demo.createx.studio/cartzilla/fonts/cartzilla-iconsc17f.woff]
[demo.createx.studio/cartzilla/css/theme.min.css]
[www.googletagmanager.com/gtm5445.html]
[demo.createx.studio/cartzilla/img/logo-icon.png]
[demo.createx.studio/cartzilla/home-fashion-store-v1.html]
[demo.createx.studio/cartzilla/img/home/preview/th01.jpg]
[demo.createx.studio/cartzilla/home-electronics-store.html]
[demo.createx.studio/cartzilla/img/home/preview/th03.jpg]
[demo.createx.studio/cartzilla/home-marketplace.html]
[demo.createx.studio/cartzilla/img/home/preview/th04.jpg]
[demo.createx.studio/cartzilla/home-grocery-store.html]
[demo.createx.studio/cartzilla/img/home/preview/th06.jpg]
[demo.createx.studio/cartzilla/img/home/preview/th07.jpg]
[demo.createx.studio/cartzilla/home-fashion-store-v2.html]
[demo.createx.studio/cartzilla/img/home/preview/th02.jpg]
[demo.createx.studio/cartzilla/home-single-store.html]
[demo.createx.studio/cartzilla/img/home/preview/th05.jpg]
[demo.createx.studio/cartzilla/shop-grid-ls.html]
[demo.createx.studio/cartzilla/shop-grid-rs.html]
[demo.createx.studio/cartzilla/shop-grid-ft.html]
[demo.createx.studio/cartzilla/shop-list-ls.html]
[demo.createx.studio/cartzilla/shop-list-rs.html]
[demo.createx.studio/cartzilla/shop-list-ft.html]
[demo.createx.studio/cartzilla/marketplace-category.html]
[demo.createx.studio/cartzilla/marketplace-single.html]
[demo.createx.studio/cartzilla/marketplace-vendor.html]
[demo.createx.studio/cartzilla/marketplace-cart.html]
[demo.createx.studio/cartzilla/marketplace-checkout.html]
[demo.createx.studio/cartzilla/shop-categories.html]
[demo.createx.studio/cartzilla/shop-single-v1.html]
[demo.createx.studio/cartzilla/shop-single-v2.html]
[demo.createx.studio/cartzilla/shop-cart.html]
[demo.createx.studio/cartzilla/checkout-details.html]
[demo.createx.studio/cartzilla/checkout-shipping.html]
[demo.createx.studio/cartzilla/checkout-payment.html]
[demo.createx.studio/cartzilla/checkout-review.html]
[demo.createx.studio/cartzilla/checkout-complete.html]
[demo.createx.studio/cartzilla/order-tracking.html]
[demo.createx.studio/cartzilla/comparison.html]
[demo.createx.studio/cartzilla/grocery-catalog.html]
[demo.createx.studio/cartzilla/grocery-single.html]
[demo.createx.studio/cartzilla/grocery-checkout.html]
[demo.createx.studio/cartzilla/food-delivery-checkout.html]
[demo.createx.studio/cartzilla/account-orders.html]
[demo.createx.studio/cartzilla/account-profile.html]
[demo.createx.studio/cartzilla/account-address.html]
[demo.createx.studio/cartzilla/account-payment.html]
[demo.createx.studio/cartzilla/account-wishlist.html]
[demo.createx.studio/cartzilla/account-tickets.html]
[demo.createx.studio/cartzilla/account-single-ticket.html]
[demo.createx.studio/cartzilla/dashboard-settings.html]
[demo.createx.studio/cartzilla/dashboard-purchases.html]
[demo.createx.studio/cartzilla/dashboard-favorites.html]
[demo.createx.studio/cartzilla/dashboard-sales.html]
[demo.createx.studio/cartzilla/dashboard-products.html]
[demo.createx.studio/cartzilla/dashboard-add-new-product.html]
[demo.createx.studio/cartzilla/dashboard-payouts.html]
[demo.createx.studio/cartzilla/account-signin.html]
[demo.createx.studio/cartzilla/account-password-recovery.html]
[demo.createx.studio/cartzilla/navbar-1-level-light.html]
[demo.createx.studio/cartzilla/navbar-1-level-dark.html]
[demo.createx.studio/cartzilla/navbar-2-level-light.html]
[demo.createx.studio/cartzilla/navbar-2-level-dark.html]
[demo.createx.studio/cartzilla/navbar-3-level-light.html]
[demo.createx.studio/cartzilla/navbar-3-level-dark.html]
[demo.createx.studio/cartzilla/about.html]
[demo.createx.studio/cartzilla/contacts.html]
[demo.createx.studio/cartzilla/help-topics.html]
[demo.createx.studio/cartzilla/help-single-topic.html]
[demo.createx.studio/cartzilla/help-submit-request.html]
[demo.createx.studio/cartzilla/404-simple.html]
[demo.createx.studio/cartzilla/404-illustration.html]
[demo.createx.studio/cartzilla/blog-list-sidebar.html]
[demo.createx.studio/cartzilla/blog-list.html]
[demo.createx.studio/cartzilla/blog-grid-sidebar.html]
[demo.createx.studio/cartzilla/blog-grid.html]
[demo.createx.studio/cartzilla/blog-single-sidebar.html]
[demo.createx.studio/cartzilla/blog-single.html]
[demo.createx.studio/cartzilla/docs/dev-setup.html]
[demo.createx.studio/cartzilla/components/typography.html]
[demo.createx.studio/cartzilla/docs/changelog.html]
[demo.createx.studio/cartzilla/img/intro/intro-hero.jpg]
[demo.createx.studio/cartzilla/img/home/preview/01.jpg]
[demo.createx.studio/cartzilla/img/home/preview/03.jpg]
[demo.createx.studio/cartzilla/img/home/preview/07.jpg]
[demo.createx.studio/cartzilla/img/home/preview/04.jpg]
[demo.createx.studio/cartzilla/img/home/preview/06.jpg]
[demo.createx.studio/cartzilla/img/home/preview/02.jpg]
[demo.createx.studio/cartzilla/img/home/preview/05.jpg]
[demo.createx.studio/cartzilla/img/home/preview/coming.png]
[demo.createx.studio/cartzilla/img/intro/pages-showcase.jpg]
[demo.createx.studio/cartzilla/img/intro/qrcode.png]
[demo.createx.studio/cartzilla/img/intro/handheld-toolbar.jpg]
[demo.createx.studio/cartzilla/img/intro/features/01.png]
[demo.createx.studio/cartzilla/img/intro/features/02.png]
[demo.createx.studio/cartzilla/img/intro/features/03.png]
[demo.createx.studio/cartzilla/img/intro/features/04.png]
[demo.createx.studio/cartzilla/img/intro/features/05.png]
[demo.createx.studio/cartzilla/img/intro/features/06.png]
[demo.createx.studio/cartzilla/img/intro/features/07.png]
[demo.createx.studio/cartzilla/img/intro/features/08.png]
[demo.createx.studio/cartzilla/img/intro/features/09.png]
[demo.createx.studio/cartzilla/img/intro/features/10.png]
[demo.createx.studio/cartzilla/img/intro/features/11.png]
[demo.createx.studio/cartzilla/img/intro/features/12.png]
[demo.createx.studio/cartzilla/index.html]
[demo.createx.studio/cartzilla/img/food-delivery/cart/th01.jpg]
[demo.createx.studio/cartzilla/img/food-delivery/cart/th02.jpg]
[demo.createx.studio/cartzilla/img/food-delivery/cart/th03.jpg]
[demo.createx.studio/cartzilla/img/food-delivery/category/pt-bg.jpg]
[demo.createx.studio/cartzilla/img/food-delivery/restaurants/01.jpg]
[demo.createx.studio/cartzilla/img/food-delivery/restaurants/02.jpg]
[demo.createx.studio/cartzilla/img/food-delivery/restaurants/03.jpg]
[demo.createx.studio/cartzilla/img/food-delivery/restaurants/04.jpg]
[demo.createx.studio/cartzilla/img/food-delivery/restaurants/05.jpg]
[demo.createx.studio/cartzilla/img/food-delivery/restaurants/06.jpg]
[demo.createx.studio/cartzilla/img/food-delivery/restaurants/07.jpg]
[demo.createx.studio/cartzilla/img/food-delivery/restaurants/08.jpg]
[demo.createx.studio/cartzilla/img/food-delivery/restaurants/logos/13.png]
[demo.createx.studio/cartzilla/img/food-delivery/restaurants/09.jpg]
[demo.createx.studio/cartzilla/food-delivery-category.html]
[demo.createx.studio/cartzilla/img/food-delivery/icons/burger.svg]
[demo.createx.studio/cartzilla/img/food-delivery/icons/noodles.svg]
[demo.createx.studio/cartzilla/img/food-delivery/icons/pizza.svg]
[demo.createx.studio/cartzilla/img/food-delivery/icons/steak.svg]
[demo.createx.studio/cartzilla/img/food-delivery/icons/fish.svg]
[demo.createx.studio/cartzilla/img/food-delivery/icons/healthy.svg]
[demo.createx.studio/cartzilla/img/food-delivery/icons/cuisine.svg]
[demo.createx.studio/cartzilla/img/food-delivery/icons/chicken.svg]
[demo.createx.studio/cartzilla/img/food-delivery/icons/coffee.svg]
[demo.createx.studio/cartzilla/img/food-delivery/restaurants/single/large-preview.jpg]
[demo.createx.studio/cartzilla/img/food-delivery/restaurants/single/pt-bg.jpg]
[demo.createx.studio/cartzilla/img/food-delivery/restaurants/single/01.jpg]
[demo.createx.studio/cartzilla/img/food-delivery/restaurants/single/02.jpg]
[demo.createx.studio/cartzilla/img/food-delivery/restaurants/single/03.jpg]
[demo.createx.studio/cartzilla/img/food-delivery/restaurants/single/04.jpg]
[demo.createx.studio/cartzilla/img/food-delivery/restaurants/single/05.jpg]
[demo.createx.studio/cartzilla/img/food-delivery/restaurants/single/06.jpg]
[demo.createx.studio/cartzilla/img/food-delivery/restaurants/single/07.jpg]
[demo.createx.studio/cartzilla/img/food-delivery/restaurants/single/08.jpg]
[demo.createx.studio/cartzilla/food-delivery-single.html]
[demo.createx.studio/cartzilla/img/food-delivery/cart/01.jpg]
[demo.createx.studio/cartzilla/img/food-delivery/cart/02.jpg]
[demo.createx.studio/cartzilla/img/food-delivery/cart/03.jpg]
[demo.createx.studio/cartzilla/food-delivery-cart.html]
[demo.createx.studio/cartzilla/fonts/cartzilla-iconsc17f.svg]
[demo.createx.studio/cartzilla/vendor/drift-zoom/dist/drift-basic.min.css]
[demo.createx.studio/cartzilla/img/shop/single/gallery/01.jpg]
[demo.createx.studio/cartzilla/img/shop/single/gallery/02.jpg]
[demo.createx.studio/cartzilla/img/shop/single/gallery/03.jpg]
[demo.createx.studio/cartzilla/img/shop/single/gallery/04.jpg]
[demo.createx.studio/cartzilla/img/shop/single/gallery/th01.jpg]
[demo.createx.studio/cartzilla/img/shop/single/gallery/th02.jpg]
[demo.createx.studio/cartzilla/img/shop/single/gallery/th03.jpg]
[demo.createx.studio/cartzilla/img/shop/single/gallery/th04.jpg]
[demo.createx.studio/cartzilla/img/shop/single/color-opt-1.png]
[demo.createx.studio/cartzilla/img/shop/single/color-opt-2.png]
[demo.createx.studio/cartzilla/img/shop/single/color-opt-3.png]
[demo.createx.studio/cartzilla/img/shop/cart/widget/01.jpg]
[demo.createx.studio/cartzilla/img/shop/cart/widget/02.jpg]
[demo.createx.studio/cartzilla/img/shop/cart/widget/03.jpg]
[demo.createx.studio/cartzilla/img/shop/cart/widget/04.jpg]
[demo.createx.studio/cartzilla/img/shop/departments/01.jpg]
[demo.createx.studio/cartzilla/img/shop/departments/02.jpg]
[demo.createx.studio/cartzilla/img/shop/departments/03.jpg]
[demo.createx.studio/cartzilla/img/shop/departments/04.jpg]
[demo.createx.studio/cartzilla/img/shop/departments/05.jpg]
[demo.createx.studio/cartzilla/img/shop/departments/06.jpg]
[demo.createx.studio/cartzilla/img/home/hero-slider/01.jpg]
[demo.createx.studio/cartzilla/img/home/hero-slider/02.jpg]
[demo.createx.studio/cartzilla/img/home/hero-slider/03.jpg]
[demo.createx.studio/cartzilla/img/home/categories/cat-sm01.jpg]
[demo.createx.studio/cartzilla/img/home/categories/cat-sm02.jpg]
[demo.createx.studio/cartzilla/img/home/categories/cat-sm03.jpg]
[demo.createx.studio/cartzilla/img/shop/catalog/01.jpg]
[demo.createx.studio/cartzilla/img/shop/catalog/02.jpg]
[demo.createx.studio/cartzilla/img/shop/catalog/03.jpg]
[demo.createx.studio/cartzilla/img/shop/catalog/07.jpg]
[demo.createx.studio/cartzilla/img/shop/catalog/04.jpg]
[demo.createx.studio/cartzilla/img/shop/catalog/05.jpg]
[demo.createx.studio/cartzilla/img/shop/catalog/06.jpg]
[demo.createx.studio/cartzilla/img/shop/catalog/25.jpg]
[demo.createx.studio/cartzilla/img/shop/catalog/banner.jpg]
[demo.createx.studio/cartzilla/img/blog/banner-bg.jpg]
[demo.createx.studio/cartzilla/img/home/categories/cat-lg04.jpg]
[demo.createx.studio/cartzilla/img/shop/catalog/20.jpg]
[demo.createx.studio/cartzilla/img/shop/catalog/21.jpg]
[demo.createx.studio/cartzilla/img/shop/catalog/23.jpg]
[demo.createx.studio/cartzilla/img/shop/catalog/51.jpg]
[demo.createx.studio/cartzilla/img/shop/catalog/24.jpg]
[demo.createx.studio/cartzilla/img/shop/catalog/54.jpg]
[demo.createx.studio/cartzilla/img/shop/catalog/53.jpg]
[demo.createx.studio/cartzilla/img/shop/catalog/52.jpg]
[demo.createx.studio/cartzilla/img/shop/catalog/22.jpg]
[demo.createx.studio/cartzilla/img/shop/catalog/56.jpg]
[demo.createx.studio/cartzilla/img/shop/catalog/55.jpg]
[demo.createx.studio/cartzilla/img/shop/catalog/57.jpg]
[demo.createx.studio/cartzilla/img/shop/brands/01.png]
[demo.createx.studio/cartzilla/img/shop/brands/02.png]
[demo.createx.studio/cartzilla/img/shop/brands/03.png]
[demo.createx.studio/cartzilla/img/shop/brands/04.png]
[demo.createx.studio/cartzilla/img/shop/brands/05.png]
[demo.createx.studio/cartzilla/img/shop/brands/06.png]
[demo.createx.studio/cartzilla/img/shop/brands/07.png]
[demo.createx.studio/cartzilla/img/shop/brands/08.png]
[demo.createx.studio/cartzilla/img/shop/brands/09.png]
[demo.createx.studio/cartzilla/img/shop/brands/10.png]
[demo.createx.studio/cartzilla/img/shop/brands/11.png]
[demo.createx.studio/cartzilla/img/shop/brands/12.png]
[demo.createx.studio/cartzilla/img/cards-alt.png]
[demo.createx.studio/cartzilla/home-fashion-store-v1.html]
[demo.createx.studio/cartzilla/vendor/drift-zoom/dist/Drift.min.js]
[demo.createx.studio/cartzilla/vendor/lightgallery.js/dist/css/lightgallery.min.css]
[demo.createx.studio/cartzilla/img/shop/single/gallery/05.jpg]
[demo.createx.studio/cartzilla/img/shop/single/gallery/06.jpg]
[demo.createx.studio/cartzilla/img/shop/single/gallery/07.jpg]
[demo.createx.studio/cartzilla/img/shop/single/gallery/08.jpg]
[demo.createx.studio/cartzilla/img/shop/single/gallery/th05.jpg]
[demo.createx.studio/cartzilla/img/shop/single/gallery/th06.jpg]
[demo.createx.studio/cartzilla/img/shop/single/gallery/th07.jpg]
[demo.createx.studio/cartzilla/img/shop/single/gallery/th08.jpg]
[demo.createx.studio/cartzilla/img/shop/cart/widget/05.jpg]
[demo.createx.studio/cartzilla/img/shop/cart/widget/06.jpg]
[demo.createx.studio/cartzilla/img/shop/cart/widget/07.jpg]
[demo.createx.studio/cartzilla/img/shop/cart/widget/08.jpg]
[demo.createx.studio/cartzilla/img/shop/departments/07.jpg]
[demo.createx.studio/cartzilla/img/shop/departments/09.jpg]
[demo.createx.studio/cartzilla/img/shop/departments/08.jpg]
[demo.createx.studio/cartzilla/img/shop/departments/10.jpg]
[demo.createx.studio/cartzilla/img/shop/departments/11.jpg]
[demo.createx.studio/cartzilla/img/shop/departments/12.jpg]
[demo.createx.studio/cartzilla/img/shop/departments/13.jpg]
[demo.createx.studio/cartzilla/img/shop/departments/14.jpg]
[demo.createx.studio/cartzilla/img/shop/departments/16.jpg]
[demo.createx.studio/cartzilla/img/shop/departments/15.jpg]
[demo.createx.studio/cartzilla/img/home/hero-slider/05.jpg]
[demo.createx.studio/cartzilla/img/home/hero-slider/04.jpg]
[demo.createx.studio/cartzilla/img/home/hero-slider/06.jpg]
[demo.createx.studio/cartzilla/img/home/banners/banner-sm01.png]
[demo.createx.studio/cartzilla/img/home/banners/banner-sm02.png]
[demo.createx.studio/cartzilla/img/home/banners/banner-sm03.png]
[demo.createx.studio/cartzilla/img/shop/catalog/58.jpg]
[demo.createx.studio/cartzilla/img/shop/catalog/59.jpg]
[demo.createx.studio/cartzilla/img/shop/catalog/60.jpg]
[demo.createx.studio/cartzilla/img/shop/catalog/61.jpg]
[demo.createx.studio/cartzilla/img/shop/catalog/62.jpg]
[demo.createx.studio/cartzilla/img/shop/catalog/63.jpg]
[demo.createx.studio/cartzilla/img/shop/catalog/64.jpg]
[demo.createx.studio/cartzilla/img/shop/catalog/65.jpg]
[demo.createx.studio/cartzilla/img/home/banners/offer.jpg]
[demo.createx.studio/cartzilla/img/shop/brands/13.png]
[demo.createx.studio/cartzilla/img/shop/brands/14.png]
[demo.createx.studio/cartzilla/img/shop/brands/17.png]
[demo.createx.studio/cartzilla/img/shop/brands/16.png]
[demo.createx.studio/cartzilla/img/shop/brands/15.png]
[demo.createx.studio/cartzilla/img/shop/brands/18.png]
[demo.createx.studio/cartzilla/img/shop/brands/19.png]
[demo.createx.studio/cartzilla/img/shop/brands/20.png]
[demo.createx.studio/cartzilla/img/shop/widget/06.jpg]
[demo.createx.studio/cartzilla/img/shop/widget/07.jpg]
[demo.createx.studio/cartzilla/img/shop/widget/08.jpg]
[demo.createx.studio/cartzilla/img/shop/widget/09.jpg]
[demo.createx.studio/cartzilla/img/shop/widget/10.jpg]
[demo.createx.studio/cartzilla/img/shop/widget/11.jpg]
[demo.createx.studio/cartzilla/img/shop/widget/12.jpg]
[demo.createx.studio/cartzilla/img/shop/widget/13.jpg]
[demo.createx.studio/cartzilla/img/home/yt-logo.png]
[demo.createx.studio/cartzilla/img/home/yt-subscribers.png]
[demo.createx.studio/cartzilla/img/home/video/cover01.jpg]
[demo.createx.studio/cartzilla/img/home/video/cover02.jpg]
[demo.createx.studio/cartzilla/img/home/video/cover03.jpg]
[demo.createx.studio/cartzilla/img/home/video/cover04.jpg]
[demo.createx.studio/cartzilla/vendor/lightgallery.js/dist/js/lightgallery.min.js]
[demo.createx.studio/cartzilla/home-electronics-store.html]
[demo.createx.studio/cartzilla/vendor/lg-video.js/dist/lg-video.min.js]
[demo.createx.studio/cartzilla/img/marketplace/account/avatar-sm.png]
[demo.createx.studio/cartzilla/img/home/marketplace-hero.jpg]
[demo.createx.studio/cartzilla/img/marketplace/products/02.jpg]
[demo.createx.studio/cartzilla/img/marketplace/products/03.jpg]
[demo.createx.studio/cartzilla/img/marketplace/products/08.jpg]
[demo.createx.studio/cartzilla/img/marketplace/products/07.jpg]
[demo.createx.studio/cartzilla/img/marketplace/products/01.jpg]
[demo.createx.studio/cartzilla/img/marketplace/products/04.jpg]
[demo.createx.studio/cartzilla/img/marketplace/products/09.jpg]
[demo.createx.studio/cartzilla/img/marketplace/products/10.jpg]
[demo.createx.studio/cartzilla/img/marketplace/products/06.jpg]
[demo.createx.studio/cartzilla/img/marketplace/products/05.jpg]
[demo.createx.studio/cartzilla/img/marketplace/products/11.jpg]
[demo.createx.studio/cartzilla/img/marketplace/products/12.jpg]
[demo.createx.studio/cartzilla/img/marketplace/account/avatar.png]
[demo.createx.studio/cartzilla/img/marketplace/products/13.jpg]
[demo.createx.studio/cartzilla/img/marketplace/products/14.jpg]
[demo.createx.studio/cartzilla/img/marketplace/features/features-bg.jpg]
[demo.createx.studio/cartzilla/img/marketplace/features/quality.png]
[demo.createx.studio/cartzilla/img/marketplace/features/support.png]
[demo.createx.studio/cartzilla/img/marketplace/features/updates.png]
[demo.createx.studio/cartzilla/img/marketplace/features/secure.png]
[demo.createx.studio/cartzilla/img/blog/05.jpg]
[demo.createx.studio/cartzilla/img/blog/06.jpg]
[demo.createx.studio/cartzilla/img/blog/07.jpg]
[demo.createx.studio/cartzilla/home-marketplace.html]
[demo.createx.studio/cartzilla/img/grocery/cart/th01.jpg]
[demo.createx.studio/cartzilla/img/grocery/cart/th02.jpg]
[demo.createx.studio/cartzilla/img/grocery/cart/th03.jpg]
[demo.createx.studio/cartzilla/img/grocery/slider/slide01.jpg]
[demo.createx.studio/cartzilla/img/grocery/slider/slide02.jpg]
[demo.createx.studio/cartzilla/img/grocery/steps/01.png]
[demo.createx.studio/cartzilla/img/grocery/steps/02.png]
[demo.createx.studio/cartzilla/img/grocery/steps/03.png]
[demo.createx.studio/cartzilla/img/grocery/catalog/01.jpg]
[demo.createx.studio/cartzilla/img/grocery/catalog/02.jpg]
[demo.createx.studio/cartzilla/img/grocery/catalog/03.jpg]
[demo.createx.studio/cartzilla/img/grocery/catalog/04.jpg]
[demo.createx.studio/cartzilla/img/grocery/catalog/05.jpg]
[demo.createx.studio/cartzilla/img/grocery/catalog/06.jpg]
[demo.createx.studio/cartzilla/img/grocery/catalog/07.jpg]
[demo.createx.studio/cartzilla/img/grocery/catalog/08.jpg]
[demo.createx.studio/cartzilla/img/grocery/catalog/09.jpg]
[demo.createx.studio/cartzilla/img/grocery/catalog/10.jpg]
[demo.createx.studio/cartzilla/img/grocery/catalog/11.jpg]
[demo.createx.studio/cartzilla/img/grocery/catalog/12.jpg]
[demo.createx.studio/cartzilla/img/grocery/catalog/13.jpg]
[demo.createx.studio/cartzilla/img/grocery/catalog/14.jpg]
[demo.createx.studio/cartzilla/home-grocery-store.html]
[demo.createx.studio/cartzilla/img/home/categories/cat-lg02.jpg]
[demo.createx.studio/cartzilla/img/shop/catalog/09.jpg]
[demo.createx.studio/cartzilla/img/shop/catalog/26.jpg]
[demo.createx.studio/cartzilla/img/shop/catalog/27.jpg]
[demo.createx.studio/cartzilla/img/shop/catalog/28.jpg]
[demo.createx.studio/cartzilla/img/shop/catalog/29.jpg]
[demo.createx.studio/cartzilla/img/shop/catalog/30.jpg]
[demo.createx.studio/cartzilla/img/shop/catalog/31.jpg]
[demo.createx.studio/cartzilla/img/home/categories/cat-lg01.jpg]
[demo.createx.studio/cartzilla/img/shop/catalog/32.jpg]
[demo.createx.studio/cartzilla/img/shop/catalog/33.jpg]
[demo.createx.studio/cartzilla/img/shop/catalog/34.jpg]
[demo.createx.studio/cartzilla/img/shop/catalog/35.jpg]
[demo.createx.studio/cartzilla/img/shop/catalog/36.jpg]
[demo.createx.studio/cartzilla/img/shop/catalog/37.jpg]
[demo.createx.studio/cartzilla/img/shop/catalog/11.jpg]
[demo.createx.studio/cartzilla/img/shop/catalog/38.jpg]
[demo.createx.studio/cartzilla/img/shop/catalog/10.jpg]
[demo.createx.studio/cartzilla/img/shop/catalog/39.jpg]
[demo.createx.studio/cartzilla/img/shop/catalog/12.jpg]
[demo.createx.studio/cartzilla/img/home/categories/cat-lg03.jpg]
[demo.createx.studio/cartzilla/img/shop/catalog/40.jpg]
[demo.createx.studio/cartzilla/img/shop/catalog/41.jpg]
[demo.createx.studio/cartzilla/img/shop/catalog/42.jpg]
[demo.createx.studio/cartzilla/img/shop/catalog/43.jpg]
[demo.createx.studio/cartzilla/img/shop/catalog/44.jpg]
[demo.createx.studio/cartzilla/img/shop/catalog/08.jpg]
[demo.createx.studio/cartzilla/img/shop/catalog/45.jpg]
[demo.createx.studio/cartzilla/img/shop/catalog/46.jpg]
[demo.createx.studio/cartzilla/img/shop/catalog/47.jpg]
[demo.createx.studio/cartzilla/img/shop/catalog/48.jpg]
[demo.createx.studio/cartzilla/img/shop/catalog/49.jpg]
[demo.createx.studio/cartzilla/img/shop/catalog/50.jpg]
[demo.createx.studio/cartzilla/img/shop/widget/02.jpg]
[demo.createx.studio/cartzilla/img/shop/widget/01.jpg]
[demo.createx.studio/cartzilla/img/shop/widget/03.jpg]
[demo.createx.studio/cartzilla/img/shop/widget/04.jpg]
[demo.createx.studio/cartzilla/img/home/banners/v-banner.jpg]
[demo.createx.studio/cartzilla/home-fashion-store-v2.html]
[demo.createx.studio/cartzilla/img/home/mono-product/models/01.jpg]
[demo.createx.studio/cartzilla/img/home/mono-product/models/02.jpg]
[demo.createx.studio/cartzilla/img/home/mono-product/models/03.jpg]
[demo.createx.studio/cartzilla/img/home/mono-product/hero-bg.jpg]
[demo.createx.studio/cartzilla/img/home/mono-product/colors/color-option01.jpg]
[demo.createx.studio/cartzilla/img/home/mono-product/colors/color-option02.jpg]
[demo.createx.studio/cartzilla/img/home/mono-product/colors/color-option03.jpg]
[demo.createx.studio/cartzilla/img/home/mono-product/colors/color-option04.jpg]
[demo.createx.studio/cartzilla/img/home/mono-product/colors/color-option05.jpg]
[demo.createx.studio/cartzilla/img/home/mono-product/colors/color-option06.jpg]
[demo.createx.studio/cartzilla/img/home/mono-product/colors/color-radio01.png]
[demo.createx.studio/cartzilla/img/home/mono-product/colors/color-radio02.png]
[demo.createx.studio/cartzilla/img/home/mono-product/colors/color-radio03.png]
[demo.createx.studio/cartzilla/img/home/mono-product/gallery/01.jpg]
[demo.createx.studio/cartzilla/img/home/mono-product/gallery/th01.jpg]
[demo.createx.studio/cartzilla/img/home/mono-product/gallery/02.jpg]
[demo.createx.studio/cartzilla/img/home/mono-product/gallery/th02.jpg]
[demo.createx.studio/cartzilla/img/home/mono-product/gallery/03.jpg]
[demo.createx.studio/cartzilla/img/home/mono-product/gallery/th03.jpg]
[demo.createx.studio/cartzilla/img/home/mono-product/gallery/04.jpg]
[demo.createx.studio/cartzilla/img/home/mono-product/gallery/th04.jpg]
[demo.createx.studio/cartzilla/img/home/mono-product/gallery/05.jpg]
[demo.createx.studio/cartzilla/img/home/mono-product/gallery/th05.jpg]
[demo.createx.studio/cartzilla/img/home/mono-product/gallery/06.jpg]
[demo.createx.studio/cartzilla/img/home/mono-product/gallery/th06.jpg]
[demo.createx.studio/cartzilla/img/home/mono-product/products/01.jpg]
[demo.createx.studio/cartzilla/img/home/mono-product/products/02.jpg]
[demo.createx.studio/cartzilla/img/home/mono-product/products/03.jpg]
[demo.createx.studio/cartzilla/img/home/mono-product/products/04.jpg]
[demo.createx.studio/cartzilla/img/home/mono-product/products/05.jpg]
[demo.createx.studio/cartzilla/img/home/mono-product/products/06.jpg]
[demo.createx.studio/cartzilla/vendor/lg-fullscreen.js/dist/lg-fullscreen.min.js]
[demo.createx.studio/cartzilla/home-single-store.html]
[demo.createx.studio/cartzilla/vendor/lg-zoom.js/dist/lg-zoom.min.js]
[demo.createx.studio/cartzilla/vendor/nouislider/distribute/nouislider.min.css]
[demo.createx.studio/cartzilla/img/shop/catalog/13.jpg]
[demo.createx.studio/cartzilla/img/shop/catalog/14.jpg]
[demo.createx.studio/cartzilla/img/shop/catalog/15.jpg]
[demo.createx.studio/cartzilla/shop-grid-ls.html]
[demo.createx.studio/cartzilla/shop-grid-rs.html]
[demo.createx.studio/cartzilla/vendor/nouislider/distribute/nouislider.min.js]
[demo.createx.studio/cartzilla/img/shop/catalog/16.jpg]
[demo.createx.studio/cartzilla/shop-grid-ft.html]
[demo.createx.studio/cartzilla/shop-list-ls.html]
[demo.createx.studio/cartzilla/shop-list-rs.html]
[demo.createx.studio/cartzilla/img/shop/widget/05.jpg]
[demo.createx.studio/cartzilla/img/shop/catalog/banner2.jpg]
[demo.createx.studio/cartzilla/shop-list-ft.html]
[demo.createx.studio/cartzilla/marketplace-category.html]
[demo.createx.studio/cartzilla/img/marketplace/single/01.jpg]
[demo.createx.studio/cartzilla/img/marketplace/single/02.jpg]
[demo.createx.studio/cartzilla/img/marketplace/single/03.jpg]
[demo.createx.studio/cartzilla/img/shop/reviews/02.jpg]
[demo.createx.studio/cartzilla/marketplace-single.html]
[demo.createx.studio/cartzilla/marketplace-vendor.html]
[demo.createx.studio/cartzilla/img/marketplace/products/th02.jpg]
[demo.createx.studio/cartzilla/img/marketplace/products/th06.jpg]
[demo.createx.studio/cartzilla/img/marketplace/products/th07.jpg]
[demo.createx.studio/cartzilla/marketplace-cart.html]
[demo.createx.studio/cartzilla/img/marketplace/products/widget/01.jpg]
[demo.createx.studio/cartzilla/img/marketplace/products/widget/02.jpg]
[demo.createx.studio/cartzilla/img/marketplace/products/widget/03.jpg]
[demo.createx.studio/cartzilla/img/cards.png]
[demo.createx.studio/cartzilla/marketplace-checkout.html]
[demo.createx.studio/cartzilla/img/shop/categories/01.jpg]
[demo.createx.studio/cartzilla/img/shop/categories/02.jpg]
[demo.createx.studio/cartzilla/img/shop/categories/03.jpg]
[demo.createx.studio/cartzilla/img/shop/categories/04.jpg]
[demo.createx.studio/cartzilla/img/shop/categories/05.jpg]
[demo.createx.studio/cartzilla/img/shop/categories/06.jpg]
[demo.createx.studio/cartzilla/shop-categories.html]
[demo.createx.studio/cartzilla/img/shop/single/prod-img.jpg]
[demo.createx.studio/cartzilla/img/shop/single/prod-map.png]
[demo.createx.studio/cartzilla/img/shop/catalog/17.jpg]
[demo.createx.studio/cartzilla/img/shop/catalog/18.jpg]
[demo.createx.studio/cartzilla/img/shop/catalog/19.jpg]
[demo.createx.studio/cartzilla/shop-single-v1.html]
[demo.createx.studio/cartzilla/img/shop/single/prod-img2.jpg]
[demo.createx.studio/cartzilla/img/shop/catalog/66.jpg]
[demo.createx.studio/cartzilla/img/shop/catalog/67.jpg]
[demo.createx.studio/cartzilla/img/shop/catalog/68.jpg]
[demo.createx.studio/cartzilla/img/shop/catalog/69.jpg]
[demo.createx.studio/cartzilla/img/shop/catalog/70.jpg]
[demo.createx.studio/cartzilla/img/shop/catalog/72.jpg]
[demo.createx.studio/cartzilla/img/shop/catalog/71.jpg]
[demo.createx.studio/cartzilla/shop-single-v2.html]
[demo.createx.studio/cartzilla/img/shop/cart/01.jpg]
[demo.createx.studio/cartzilla/img/shop/cart/02.jpg]
[demo.createx.studio/cartzilla/img/shop/cart/03.jpg]
[demo.createx.studio/cartzilla/img/shop/cart/04.jpg]
[demo.createx.studio/cartzilla/shop-cart.html]
[demo.createx.studio/cartzilla/img/shop/account/avatar.jpg]
[demo.createx.studio/cartzilla/checkout-details.html]
[demo.createx.studio/cartzilla/checkout-shipping.html]
[demo.createx.studio/cartzilla/checkout-payment.html]
[demo.createx.studio/cartzilla/checkout-review.html]
[demo.createx.studio/cartzilla/checkout-complete.html]
[demo.createx.studio/cartzilla/order-tracking.html]
[demo.createx.studio/cartzilla/vendor/card/dist/card.js]
[demo.createx.studio/cartzilla/img/shop/comparison/01.jpg]
[demo.createx.studio/cartzilla/img/shop/comparison/02.jpg]
[demo.createx.studio/cartzilla/img/shop/comparison/03.jpg]
[demo.createx.studio/cartzilla/comparison.html]
[demo.createx.studio/cartzilla/img/grocery/catalog/15.jpg]
[demo.createx.studio/cartzilla/img/grocery/catalog/16.jpg]
[demo.createx.studio/cartzilla/grocery-catalog.html]
[demo.createx.studio/cartzilla/img/grocery/single/01.jpg]
[demo.createx.studio/cartzilla/img/grocery/single/02.jpg]
[demo.createx.studio/cartzilla/img/grocery/single/03.jpg]
[demo.createx.studio/cartzilla/img/grocery/single/th01.jpg]
[demo.createx.studio/cartzilla/img/grocery/single/th02.jpg]
[demo.createx.studio/cartzilla/img/grocery/single/th03.jpg]
[demo.createx.studio/cartzilla/grocery-single.html]
[demo.createx.studio/cartzilla/img/grocery/newyork.jpg]
[demo.createx.studio/cartzilla/grocery-checkout.html]
[demo.createx.studio/cartzilla/food-delivery-checkout.html]
[demo.createx.studio/cartzilla/account-orders.html]
[demo.createx.studio/cartzilla/account-profile.html]
[demo.createx.studio/cartzilla/account-address.html]
[demo.createx.studio/cartzilla/img/card-paypal.png]
[demo.createx.studio/cartzilla/img/card-visa.png]
[demo.createx.studio/cartzilla/img/card-master.png]
[demo.createx.studio/cartzilla/account-payment.html]
[demo.createx.studio/cartzilla/account-wishlist.html]
[demo.createx.studio/cartzilla/account-tickets.html]
[demo.createx.studio/cartzilla/account-single-ticket.html]
[demo.createx.studio/cartzilla/dashboard-settings.html]
[demo.createx.studio/cartzilla/img/marketplace/products/th01.jpg]
[demo.createx.studio/cartzilla/img/marketplace/products/th03.jpg]
[demo.createx.studio/cartzilla/img/marketplace/products/th04.jpg]
[demo.createx.studio/cartzilla/img/marketplace/products/th05.jpg]
[demo.createx.studio/cartzilla/dashboard-purchases.html]
[demo.createx.studio/cartzilla/dashboard-favorites.html]
[demo.createx.studio/cartzilla/vendor/chartist/dist/chartist.min.css]
[demo.createx.studio/cartzilla/img/marketplace/account/flags/usa.png]
[demo.createx.studio/cartzilla/img/marketplace/account/flags/sweden.png]
[demo.createx.studio/cartzilla/img/marketplace/account/flags/india.png]
[demo.createx.studio/cartzilla/img/marketplace/account/flags/france.png]
[demo.createx.studio/cartzilla/img/marketplace/account/flags/argentina.png]
[demo.createx.studio/cartzilla/img/marketplace/account/flags/south-africa.png]
[demo.createx.studio/cartzilla/dashboard-sales.html]
[demo.createx.studio/cartzilla/vendor/chartist/dist/chartist.min.js]
[demo.createx.studio/cartzilla/img/marketplace/products/th08.jpg]
[demo.createx.studio/cartzilla/img/marketplace/products/th09.jpg]
[demo.createx.studio/cartzilla/img/marketplace/products/th10.jpg]
[demo.createx.studio/cartzilla/img/marketplace/products/th11.jpg]
[demo.createx.studio/cartzilla/img/marketplace/products/th12.jpg]
[demo.createx.studio/cartzilla/dashboard-products.html]
[demo.createx.studio/cartzilla/dashboard-add-new-product.html]
[demo.createx.studio/cartzilla/img/marketplace/account/paypal-logo.png]
[demo.createx.studio/cartzilla/dashboard-payouts.html]
[demo.createx.studio/cartzilla/account-signin.html]
[demo.createx.studio/cartzilla/account-password-recovery.html]
[demo.createx.studio/cartzilla/navbar-1-level-light.html]
[demo.createx.studio/cartzilla/navbar-1-level-dark.html]
[demo.createx.studio/cartzilla/navbar-2-level-light.html]
[demo.createx.studio/cartzilla/navbar-2-level-dark.html]
[demo.createx.studio/cartzilla/navbar-3-level-light.html]
[demo.createx.studio/cartzilla/navbar-3-level-dark.html]
[demo.createx.studio/cartzilla/components/navbar.html]
[demo.createx.studio/cartzilla/img/about/01.jpg]
[demo.createx.studio/cartzilla/img/about/02.jpg]
[demo.createx.studio/cartzilla/img/about/03.jpg]
[demo.createx.studio/cartzilla/img/about/04.jpg]
[demo.createx.studio/cartzilla/img/team/03.jpg]
[demo.createx.studio/cartzilla/img/team/04.jpg]
[demo.createx.studio/cartzilla/img/team/06.jpg]
[demo.createx.studio/cartzilla/img/team/02.jpg]
[demo.createx.studio/cartzilla/img/team/01.jpg]
[demo.createx.studio/cartzilla/img/team/07.jpg]
[demo.createx.studio/cartzilla/img/about/05.jpg]
[demo.createx.studio/cartzilla/about.html]
[demo.createx.studio/cartzilla/img/contacts/orlando.jpg]
[demo.createx.studio/cartzilla/img/contacts/chicago.jpg]
[demo.createx.studio/cartzilla/img/contacts/newyork.jpg]
[demo.createx.studio/cartzilla/contacts.html]
[demo.createx.studio/cartzilla/img/pages/help-hero-bg.jpg]
[demo.createx.studio/cartzilla/help-topics.html]
[demo.createx.studio/cartzilla/img/pages/help-article.jpg]
[demo.createx.studio/cartzilla/help-single-topic.html]
[demo.createx.studio/cartzilla/help-submit-request.html]
[demo.createx.studio/cartzilla/404-simple.html]
[demo.createx.studio/cartzilla/img/pages/404.png]
[demo.createx.studio/cartzilla/404-illustration.html]
[demo.createx.studio/cartzilla/img/blog/featured/01.jpg]
[demo.createx.studio/cartzilla/img/blog/meta/04.jpg]
[demo.createx.studio/cartzilla/img/blog/featured/02.jpg]
[demo.createx.studio/cartzilla/img/blog/meta/05.jpg]
[demo.createx.studio/cartzilla/img/blog/featured/03.jpg]
[demo.createx.studio/cartzilla/img/blog/meta/03.jpg]
[demo.createx.studio/cartzilla/img/blog/meta/01.jpg]
[demo.createx.studio/cartzilla/img/blog/meta/02.jpg]
[demo.createx.studio/cartzilla/img/blog/01.jpg]
[demo.createx.studio/cartzilla/img/blog/02.jpg]
[demo.createx.studio/cartzilla/img/blog/03.jpg]
[demo.createx.studio/cartzilla/img/blog/widget/01.jpg]
[demo.createx.studio/cartzilla/img/blog/widget/02.jpg]
[demo.createx.studio/cartzilla/img/blog/widget/03.jpg]
[demo.createx.studio/cartzilla/blog-list-sidebar.html]
[demo.createx.studio/cartzilla/blog-list.html]
[demo.createx.studio/cartzilla/img/blog/04.jpg]
[demo.createx.studio/cartzilla/vendor/imagesloaded/imagesloaded.pkgd.min.js]
[demo.createx.studio/cartzilla/blog-grid-sidebar.html]
[demo.createx.studio/cartzilla/blog-grid.html]
[demo.createx.studio/cartzilla/vendor/shufflejs/dist/shuffle.min.js]
[demo.createx.studio/cartzilla/img/blog/single/01.jpg]
[demo.createx.studio/cartzilla/img/blog/single/th01.jpg]
[demo.createx.studio/cartzilla/img/blog/single/02.jpg]
[demo.createx.studio/cartzilla/img/blog/single/th02.jpg]
[demo.createx.studio/cartzilla/img/blog/single/03.jpg]
[demo.createx.studio/cartzilla/img/blog/single/th03.jpg]
[demo.createx.studio/cartzilla/blog-single-sidebar.html]
[demo.createx.studio/cartzilla/blog-single.html]
[demo.createx.studio/cartzilla/docs/working-with-gulp.html]
[demo.createx.studio/cartzilla/docs/project-structure.html]
[demo.createx.studio/cartzilla/docs/install-vendor-plugin.html]
[demo.createx.studio/cartzilla/docs/using-preprocessors.html]
[demo.createx.studio/cartzilla/docs/autoprefixer.html]
[demo.createx.studio/cartzilla/docs/global-colors.html]
[demo.createx.studio/cartzilla/docs/components.html]
[demo.createx.studio/cartzilla/docs/navbar-footer.html]
[demo.createx.studio/cartzilla/docs/utilities.html]
[demo.createx.studio/cartzilla/docs/ui-icons.html]
[demo.createx.studio/cartzilla/docs/mailchimp.html]
[demo.createx.studio/cartzilla/docs/credits.html]
[demo.createx.studio/cartzilla/img/docs/technologies.png]
[demo.createx.studio/cartzilla/docs/dev-setup.html]
[demo.createx.studio/cartzilla/vendor/prismjs/themes/prism.css]
[demo.createx.studio/cartzilla/vendor/prismjs/plugins/toolbar/prism-toolbar.css]
[demo.createx.studio/cartzilla/components/icon-font.html]
[demo.createx.studio/cartzilla/components/code.html]
[demo.createx.studio/cartzilla/components/images.html]
[demo.createx.studio/cartzilla/components/tables.html]
[demo.createx.studio/cartzilla/components/alerts.html]
[demo.createx.studio/cartzilla/components/badge.html]
[demo.createx.studio/cartzilla/components/blog-components.html]
[demo.createx.studio/cartzilla/components/breadcrumb.html]
[demo.createx.studio/cartzilla/components/buttons.html]
[demo.createx.studio/cartzilla/components/button-group.html]
[demo.createx.studio/cartzilla/components/cards.html]
[demo.createx.studio/cartzilla/components/carousel.html]
[demo.createx.studio/cartzilla/components/charts.html]
[demo.createx.studio/cartzilla/components/collapse.html]
[demo.createx.studio/cartzilla/components/contacts-card.html]
[demo.createx.studio/cartzilla/components/countdown.html]
[demo.createx.studio/cartzilla/components/dropdowns.html]
[demo.createx.studio/cartzilla/components/footer.html]
[demo.createx.studio/cartzilla/components/forms.html]
[demo.createx.studio/cartzilla/components/gallery.html]
[demo.createx.studio/cartzilla/components/input-group.html]
[demo.createx.studio/cartzilla/components/jumbotron.html]
[demo.createx.studio/cartzilla/components/list-group.html]
[demo.createx.studio/cartzilla/components/media-object.html]
[demo.createx.studio/cartzilla/components/modal.html]
[demo.createx.studio/cartzilla/components/pagination.html]
[demo.createx.studio/cartzilla/components/pills.html]
[demo.createx.studio/cartzilla/components/popovers.html]
[demo.createx.studio/cartzilla/components/progress.html]
[demo.createx.studio/cartzilla/components/shop-components.html]
[demo.createx.studio/cartzilla/components/social-buttons.html]
[demo.createx.studio/cartzilla/components/spinners.html]
[demo.createx.studio/cartzilla/components/steps.html]
[demo.createx.studio/cartzilla/components/tabs.html]
[demo.createx.studio/cartzilla/components/team.html]
[demo.createx.studio/cartzilla/components/testimonials.html]
[demo.createx.studio/cartzilla/components/toasts.html]
[demo.createx.studio/cartzilla/components/tooltips.html]
[demo.createx.studio/cartzilla/components/video-popup.html]
[demo.createx.studio/cartzilla/components/widgets.html]
[demo.createx.studio/cartzilla/vendor/prismjs/components/prism-core.min.js]
[demo.createx.studio/cartzilla/vendor/prismjs/components/prism-markup.min.js]
[demo.createx.studio/cartzilla/vendor/prismjs/components/prism-clike.min.js]
[demo.createx.studio/cartzilla/vendor/prismjs/components/prism-javascript.min.js]
[demo.createx.studio/cartzilla/vendor/prismjs/components/prism-pug.min.js]
[demo.createx.studio/cartzilla/vendor/prismjs/plugins/toolbar/prism-toolbar.min.js]
[demo.createx.studio/cartzilla/vendor/prismjs/plugins/copy-to-clipboard/prism-copy-to-clipboard.min.js]
[demo.createx.studio/cartzilla/vendor/prismjs/plugins/line-numbers/prism-line-numbers.min.js]
[demo.createx.studio/cartzilla/components/typography.html]
[demo.createx.studio/cartzilla/docs/changelog.html]
[demo.createx.studio/cartzilla/vendor/drift-zoom/dist/drift-basic.min.css]
[demo.createx.studio/cartzilla/vendor/lightgallery.js/dist/fonts/lgd641.eot]
[demo.createx.studio/cartzilla/vendor/lightgallery.js/dist/fonts/lgd41d.eot]
[demo.createx.studio/cartzilla/vendor/lightgallery.js/dist/fonts/lgd641.woff]
[demo.createx.studio/cartzilla/vendor/lightgallery.js/dist/fonts/lgd641.ttf]
[demo.createx.studio/cartzilla/vendor/lightgallery.js/dist/img/vimeo-play.png]
[demo.createx.studio/cartzilla/vendor/lightgallery.js/dist/img/video-play.png]
[demo.createx.studio/cartzilla/vendor/lightgallery.js/dist/img/youtube-play.png]
[demo.createx.studio/cartzilla/vendor/lightgallery.js/dist/img/loading.gif]
[demo.createx.studio/cartzilla/vendor/lightgallery.js/dist/css/lightgallery.min.css]
[demo.createx.studio/cartzilla/vendor/nouislider/distribute/nouislider.min.css]
[demo.createx.studio/cartzilla/vendor/chartist/dist/chartist.min.css]
[demo.createx.studio/cartzilla/components/navbar.html]
[demo.createx.studio/cartzilla/_img/blog/navigation/01.html]
[demo.createx.studio/cartzilla/_img/blog/navigation/02.html]
[demo.createx.studio/cartzilla/docs/working-with-gulp.html]
[demo.createx.studio/cartzilla/docs/project-structure.html]
[demo.createx.studio/cartzilla/img/docs/vendor-plugin.png]
[demo.createx.studio/cartzilla/docs/install-vendor-plugin.html]
[demo.createx.studio/cartzilla/img/docs/prepros.png]
[demo.createx.studio/cartzilla/docs/using-preprocessors.html]
[demo.createx.studio/cartzilla/img/docs/autoprefixer.png]
[demo.createx.studio/cartzilla/docs/autoprefixer.html]
[demo.createx.studio/cartzilla/img/docs/sass-variables.png]
[demo.createx.studio/cartzilla/docs/global-colors.html]
[demo.createx.studio/cartzilla/img/docs/component.png]
[demo.createx.studio/cartzilla/docs/components.html]
[demo.createx.studio/cartzilla/img/docs/navbar.png]
[demo.createx.studio/cartzilla/img/docs/footer.png]
[demo.createx.studio/cartzilla/docs/navbar-footer.html]
[demo.createx.studio/cartzilla/img/docs/sass-utils.png]
[demo.createx.studio/cartzilla/docs/utilities.html]
[demo.createx.studio/cartzilla/docs/ui-icons.html]
[demo.createx.studio/cartzilla/docs/mailchimp.html]
[demo.createx.studio/cartzilla/docs/credits.html]
[demo.createx.studio/cartzilla/vendor/prismjs/themes/prism.css]
[demo.createx.studio/cartzilla/vendor/prismjs/plugins/toolbar/prism-toolbar.css]
[demo.createx.studio/cartzilla/vendor/prismjs/plugins/line-numbers/prism-line-numbers.css]
[demo.createx.studio/cartzilla/components/icon-font.html]
[demo.createx.studio/cartzilla/components/code.html]
[demo.createx.studio/cartzilla/img/components/images/01.jpg]
[demo.createx.studio/cartzilla/img/components/images/02.jpg]
[demo.createx.studio/cartzilla/img/components/images/03.jpg]
[demo.createx.studio/cartzilla/components/images.html]
[demo.createx.studio/cartzilla/components/tables.html]
[demo.createx.studio/cartzilla/img/components/alerts/alert-bg.jpg]
[demo.createx.studio/cartzilla/components/alerts.html]
[demo.createx.studio/cartzilla/components/badge.html]
[demo.createx.studio/cartzilla/components/blog-components.html]
[demo.createx.studio/cartzilla/components/breadcrumb.html]
[demo.createx.studio/cartzilla/components/buttons.html]
[demo.createx.studio/cartzilla/components/button-group.html]
[demo.createx.studio/cartzilla/img/components/cards/01.jpg]
[demo.createx.studio/cartzilla/img/components/cards/02.jpg]
[demo.createx.studio/cartzilla/img/components/cards/03.jpg]
[demo.createx.studio/cartzilla/img/components/cards/04.jpg]
[demo.createx.studio/cartzilla/components/cards.html]
[demo.createx.studio/cartzilla/img/components/carousel/01.jpg]
[demo.createx.studio/cartzilla/img/components/carousel/02.jpg]
[demo.createx.studio/cartzilla/img/components/carousel/03.jpg]
[demo.createx.studio/cartzilla/img/components/carousel/04.jpg]
[demo.createx.studio/cartzilla/img/components/carousel/05.jpg]
[demo.createx.studio/cartzilla/img/components/carousel/06.jpg]
[demo.createx.studio/cartzilla/img/components/carousel/07.jpg]
[demo.createx.studio/cartzilla/components/carousel.html]
[demo.createx.studio/cartzilla/components/charts.html]
[demo.createx.studio/cartzilla/components/collapse.html]
[demo.createx.studio/cartzilla/components/contacts-card.html]
[demo.createx.studio/cartzilla/components/countdown.html]
[demo.createx.studio/cartzilla/components/dropdowns.html]
[demo.createx.studio/cartzilla/img/footer-logo-dark.png]
[demo.createx.studio/cartzilla/components/footer.html]
[demo.createx.studio/cartzilla/components/forms.html]
[demo.createx.studio/cartzilla/img/components/gallery/01.jpg]
[demo.createx.studio/cartzilla/img/components/gallery/th01.jpg]
[demo.createx.studio/cartzilla/img/components/gallery/th02.jpg]
[demo.createx.studio/cartzilla/img/components/gallery/th09.jpg]
[demo.createx.studio/cartzilla/img/components/gallery/03.jpg]
[demo.createx.studio/cartzilla/img/components/gallery/th03.jpg]
[demo.createx.studio/cartzilla/img/components/gallery/04.jpg]
[demo.createx.studio/cartzilla/img/components/gallery/th04.jpg]
[demo.createx.studio/cartzilla/img/components/gallery/th05.jpg]
[demo.createx.studio/cartzilla/img/components/gallery/06.jpg]
[demo.createx.studio/cartzilla/img/components/gallery/th06.jpg]
[demo.createx.studio/cartzilla/img/components/gallery/th07.jpg]
[demo.createx.studio/cartzilla/img/components/gallery/08.jpg]
[demo.createx.studio/cartzilla/img/components/gallery/th08.jpg]
[demo.createx.studio/cartzilla/components/gallery.html]
[demo.createx.studio/cartzilla/components/input-group.html]
[demo.createx.studio/cartzilla/img/components/jumbotron/jumbotron-bg.jpg]
[demo.createx.studio/cartzilla/components/jumbotron.html]
[demo.createx.studio/cartzilla/components/list-group.html]
[demo.createx.studio/cartzilla/img/components/media/01.jpg]
[demo.createx.studio/cartzilla/img/components/media/03.jpg]
[demo.createx.studio/cartzilla/img/components/media/02.jpg]
[demo.createx.studio/cartzilla/components/media-object.html]
[demo.createx.studio/cartzilla/components/modal.html]
[demo.createx.studio/cartzilla/components/pagination.html]
[demo.createx.studio/cartzilla/components/pills.html]
[demo.createx.studio/cartzilla/components/popovers.html]
[demo.createx.studio/cartzilla/components/progress.html]
[demo.createx.studio/cartzilla/components/shop-components.html]
[demo.createx.studio/cartzilla/components/social-buttons.html]
[demo.createx.studio/cartzilla/components/spinners.html]
[demo.createx.studio/cartzilla/components/steps.html]
[demo.createx.studio/cartzilla/img/components/tabs/01.jpg]
[demo.createx.studio/cartzilla/img/components/tabs/02.jpg]
[demo.createx.studio/cartzilla/img/components/tabs/03.jpg]
[demo.createx.studio/cartzilla/img/components/tabs/04.jpg]
[demo.createx.studio/cartzilla/components/tabs.html]
[demo.createx.studio/cartzilla/img/team/05.jpg]
[demo.createx.studio/cartzilla/components/team.html]
[demo.createx.studio/cartzilla/components/testimonials.html]
[demo.createx.studio/cartzilla/components/toasts.html]
[demo.createx.studio/cartzilla/components/tooltips.html]
[demo.createx.studio/cartzilla/img/components/video/video-bg.jpg]
[demo.createx.studio/cartzilla/components/video-popup.html]
[demo.createx.studio/cartzilla/components/widgets.html]
[demo.createx.studio/cartzilla/vendor/lightgallery.js/dist/fonts/lgd641.svg]
